<?xml version="1.0"?>
<testsuites>
  <testsuite name="PhantomJS 1.9.1 (Windows XP)" package="" timestamp="2013-07-30T01:47:19" id="0" hostname="oldbuddy" tests="5" errors="0" failures="0" time="0.321">
    <properties>
      <property name="browser.fullName" value="Mozilla/5.0 (Windows NT 5.1) AppleWebKit/534.34 (KHTML, like Gecko) PhantomJS/1.9.1 Safari/534.34"/>
    </properties>
    <testcase name="should pass a dummy test" time="0.272" classname="PhantomJS 1.9.1 (Windows XP).AppCtrl isCurrentUrl"/>
    <testcase name="should have a dummy test" time="0.021" classname="PhantomJS 1.9.1 (Windows XP).home section"/>
    <testcase name="should set a title without a suffix" time="0.011" classname="PhantomJS 1.9.1 (Windows XP).titleService"/>
    <testcase name="should allow specification of a suffix" time="0.011" classname="PhantomJS 1.9.1 (Windows XP).titleService"/>
    <testcase name="should set the title, including the suffix" time="0.006" classname="PhantomJS 1.9.1 (Windows XP).titleService"/>
    <system-out><![CDATA[
]]></system-out>
    <system-err/>
  </testsuite>
</testsuites>
